Running "assertion_messages_tests" (4 tests)...
assertion_messages_tests.c: Failure: AssertionMessage -> for_compare_area_to_null 
	Wanted to compare contents of [null_pointer] but it had a value of NULL.
		If you want to explicitly check for null, use the is_null constraint instead.

assertion_messages_tests.c: Failure: AssertionMessage -> for_compare_null_to_area 
	Wanted to compare contents with [area],
		but NULL was used for the pointer we wanted to compare to.
		If you want to explicitly check for null, use the is_null constraint instead.

assertion_messages_tests.c: Failure: AssertionMessage -> for_comparing_content_with_negative_length 
	Wanted to compare contents with [something],
		but [-4] was given for the comparison size.

assertion_messages_tests.c: Failure: AssertionMessage -> return_value_constraints_are_not_allowed 
	Got constraint of type [return value],
		but they are not allowed for assertions, only in mock expectations.

Completed "AssertionMessage": 4 failures in 0ms.
Completed "assertion_messages_tests": 4 failures in 0ms.
